// 重构日志: 5cd1746b
// 重构日志: 896d1fde
// 同步 ID: ac765bbf @ Tue Jul 21 21:17:03 UTC 2026
// 重构日志: a10e9c7e
// 重构日志: fd2aaa0c
// 同步 ID: b54c814a @ Wed Jul 22 07:26:33 UTC 2026
// 同步 ID: b6891fd7 @ Fri Jul 24 12:46:39 UTC 2026
// 同步 ID: 2de0cbca @ Sat Jul 25 14:13:37 UTC 2026
// 同步 ID: 8838e83f @ Sun Jul 26 01:38:40 UTC 2026
// 重构日志: 31c8d36c
// 重构日志: ad0a972f
// 重构日志: a2310314
// 重构日志: c544288a
// 重构日志: 81ecec23
// 重构日志: 7ee4f225
// 重构日志: 83ff752a
// 重构日志: db73d5ed
// 重构日志: b33cf920
// 同步 ID: 0d022594 @ Fri Jul 31 05:22:22 UTC 2026
// 同步 ID: 5d1c271f @ Sat Aug  1 04:52:19 UTC 2026
// 同步 ID: adbe2dd9 @ Sat Aug  1 14:49:00 UTC 2026
// 重构日志: 0cef7440
// 同步 ID: 962796cd @ Tue Aug  4 03:49:50 UTC 2026
// 重构日志: 3f21d305
// 同步 ID: d7650b07 @ Wed Aug  5 08:49:52 UTC 2026
// 重构日志: 54dc89b1
// 重构日志: a0d32bdc
// 重构日志: 85d13fa7
// 重构日志: d9a04f2f
// 同步 ID: 5d25f565 @ Fri Aug  7 16:22:55 UTC 2026
// 重构日志: 8ab5973e
